id,text,tag
1,"D: Co bylo dříve, slepice nebo vejce? 
O: Dříve bylo všechno - slepice, vejce, cukr, mouka, máslo, maso, ovoce...",Rádio Jerevan
2,"D: Kdy bude lépe? 
O: Lépe už bylo.",Rádio Jerevan
3,"D: Slyšela jsem, že je v Moskvě maso. Bude i v Minsku? 
O: Ano, výstava je putovní.",Rádio Jerevan
4,"D: Slyšel jsem, že v Ukrajinské SSR roste kukuřice jako telegrafní sloupy. Je to pravda? 
O: Ano, někde i hustěji.",Rádio Jerevan
5,"D: Může se stát Bůh členem Komunistické strany? 
O: V principu ano, ale nejprve musí vystoupit z církve.",Rádio Jerevan
6,"D: Co je to chaos? 
O: Na otázky týkající se našeho průmyslu pro rozsáhlost odpovědi neodpovídáme.",Rádio Jerevan
7,"D: Na co umřel Stalin? 
O: Naštěstí.",Rádio Jerevan
8,"D: Je v Sovětském svaze stejná svoboda projevu jako na Západě? 
O: Ano, ale na Západě je i svoboda po projevu.",Rádio Jerevan
9,"D: Slyšela jsem, že i list papíru je účinnější metoda antikoncepce než západní přípravky. Je to pravda? 
O: V zásadě ano, drží-li jej žena mezi koleny.",Rádio Jerevan
